yarn run v1.22.22
(node:59696) [DEP0169] DeprecationWarning: `url.parse()` behavior is not standardized and prone to errors that have security implications. Use the WHATWG URL API instead. CVEs are not issued for `url.parse()` vulnerabilities.
(Use `node --trace-deprecation ...` to show where the warning was created)
$ cross-env BUILD_MODE=true next build
Prepared Notion build session build-1777937005303-59754
[Locales] 02ab3b8678004aa69e9e415905ef32a5
[Locales] en:7c1d570661754c8fbc568e00a01fd70e
  ▲ Next.js 14.2.35
  - Experiments (use with caution):
    · scrollRestoration

   Skipping linting
   Checking validity of types ...
   Creating an optimized production build ...
[ThemeResolver][webpack] {"note":"Layouts load via dynamic import(@/themes/<name>). Theme folder follows runtime NEXT_PUBLIC_THEME / Notion; no compile-time @theme-components alias.","envTheme":null,"configTheme":"fuwari","themeFolderPath":"/workspaces/NotionNext/themes/fuwari"}
 ✓ Compiled successfully
   Collecting page data ...
   Generating static pages (0/63) ...
ReferenceError: CONFIG is not defined
    at x (/workspaces/NotionNext/.next/server/chunks/35120.js:1:540)
    at Wc (/workspaces/NotionNext/node_modules/react-dom/cjs/react-dom-server.browser.production.min.js:68:44)
    at Zc (/workspaces/NotionNext/node_modules/react-dom/cjs/react-dom-server.browser.production.min.js:70:253)
    at Z (/workspaces/NotionNext/node_modules/react-dom/cjs/react-dom-server.browser.production.min.js:76:89)
    at $c (/workspaces/NotionNext/node_modules/react-dom/cjs/react-dom-server.browser.production.min.js:78:98)
    at bd (/workspaces/NotionNext/node_modules/react-dom/cjs/react-dom-server.browser.production.min.js:77:404)
    at Z (/workspaces/NotionNext/node_modules/react-dom/cjs/react-dom-server.browser.production.min.js:76:217)
    at $c (/workspaces/NotionNext/node_modules/react-dom/cjs/react-dom-server.browser.production.min.js:78:98)
    at Zc (/workspaces/NotionNext/node_modules/react-dom/cjs/react-dom-server.browser.production.min.js:71:145)
    at Z (/workspaces/NotionNext/node_modules/react-dom/cjs/react-dom-server.browser.production.min.js:76:89)

Error occurred prerendering page "/zh-CN/category/[category]". Read more: https://nextjs.org/docs/messages/prerender-error

ReferenceError: CONFIG is not defined
    at x (/workspaces/NotionNext/.next/server/chunks/35120.js:1:540)
    at Wc (/workspaces/NotionNext/node_modules/react-dom/cjs/react-dom-server.browser.production.min.js:68:44)
    at Zc (/workspaces/NotionNext/node_modules/react-dom/cjs/react-dom-server.browser.production.min.js:70:253)
    at Z (/workspaces/NotionNext/node_modules/react-dom/cjs/react-dom-server.browser.production.min.js:76:89)
    at $c (/workspaces/NotionNext/node_modules/react-dom/cjs/react-dom-server.browser.production.min.js:78:98)
    at bd (/workspaces/NotionNext/node_modules/react-dom/cjs/react-dom-server.browser.production.min.js:77:404)
    at Z (/workspaces/NotionNext/node_modules/react-dom/cjs/react-dom-server.browser.production.min.js:76:217)
    at $c (/workspaces/NotionNext/node_modules/react-dom/cjs/react-dom-server.browser.production.min.js:78:98)
    at Zc (/workspaces/NotionNext/node_modules/react-dom/cjs/react-dom-server.browser.production.min.js:71:145)
    at Z (/workspaces/NotionNext/node_modules/react-dom/cjs/react-dom-server.browser.production.min.js:76:89)
ReferenceError: CONFIG is not defined
    at x (/workspaces/NotionNext/.next/server/chunks/35120.js:1:540)
    at Wc (/workspaces/NotionNext/node_modules/react-dom/cjs/react-dom-server.browser.production.min.js:68:44)
    at Zc (/workspaces/NotionNext/node_modules/react-dom/cjs/react-dom-server.browser.production.min.js:70:253)
    at Z (/workspaces/NotionNext/node_modules/react-dom/cjs/react-dom-server.browser.production.min.js:76:89)
    at $c (/workspaces/NotionNext/node_modules/react-dom/cjs/react-dom-server.browser.production.min.js:78:98)
    at bd (/workspaces/NotionNext/node_modules/react-dom/cjs/react-dom-server.browser.production.min.js:77:404)
    at Z (/workspaces/NotionNext/node_modules/react-dom/cjs/react-dom-server.browser.production.min.js:76:217)
    at $c (/workspaces/NotionNext/node_modules/react-dom/cjs/react-dom-server.browser.production.min.js:78:98)
    at Zc (/workspaces/NotionNext/node_modules/react-dom/cjs/react-dom-server.browser.production.min.js:71:145)
    at Z (/workspaces/NotionNext/node_modules/react-dom/cjs/react-dom-server.browser.production.min.js:76:89)

Error occurred prerendering page "/zh-CN/category/[category]/page/[page]". Read more: https://nextjs.org/docs/messages/prerender-error

ReferenceError: CONFIG is not defined
    at x (/workspaces/NotionNext/.next/server/chunks/35120.js:1:540)
    at Wc (/workspaces/NotionNext/node_modules/react-dom/cjs/react-dom-server.browser.production.min.js:68:44)
    at Zc (/workspaces/NotionNext/node_modules/react-dom/cjs/react-dom-server.browser.production.min.js:70:253)
    at Z (/workspaces/NotionNext/node_modules/react-dom/cjs/react-dom-server.browser.production.min.js:76:89)
    at $c (/workspaces/NotionNext/node_modules/react-dom/cjs/react-dom-server.browser.production.min.js:78:98)
    at bd (/workspaces/NotionNext/node_modules/react-dom/cjs/react-dom-server.browser.production.min.js:77:404)
    at Z (/workspaces/NotionNext/node_modules/react-dom/cjs/react-dom-server.browser.production.min.js:76:217)
    at $c (/workspaces/NotionNext/node_modules/react-dom/cjs/react-dom-server.browser.production.min.js:78:98)
    at Zc (/workspaces/NotionNext/node_modules/react-dom/cjs/react-dom-server.browser.production.min.js:71:145)
    at Z (/workspaces/NotionNext/node_modules/react-dom/cjs/react-dom-server.browser.production.min.js:76:89)
ReferenceError: CONFIG is not defined
    at x (/workspaces/NotionNext/.next/server/chunks/35120.js:1:540)
    at Wc (/workspaces/NotionNext/node_modules/react-dom/cjs/react-dom-server.browser.production.min.js:68:44)
    at Zc (/workspaces/NotionNext/node_modules/react-dom/cjs/react-dom-server.browser.production.min.js:70:253)
    at Z (/workspaces/NotionNext/node_modules/react-dom/cjs/react-dom-server.browser.production.min.js:76:89)
    at $c (/workspaces/NotionNext/node_modules/react-dom/cjs/react-dom-server.browser.production.min.js:78:98)
    at bd (/workspaces/NotionNext/node_modules/react-dom/cjs/react-dom-server.browser.production.min.js:77:404)
    at Z (/workspaces/NotionNext/node_modules/react-dom/cjs/react-dom-server.browser.production.min.js:76:217)
    at $c (/workspaces/NotionNext/node_modules/react-dom/cjs/react-dom-server.browser.production.min.js:78:98)
    at Zc (/workspaces/NotionNext/node_modules/react-dom/cjs/react-dom-server.browser.production.min.js:71:145)
    at Z (/workspaces/NotionNext/node_modules/react-dom/cjs/react-dom-server.browser.production.min.js:76:89)

Error occurred prerendering page "/zh-CN/page/[page]". Read more: https://nextjs.org/docs/messages/prerender-error

ReferenceError: CONFIG is not defined
    at x (/workspaces/NotionNext/.next/server/chunks/35120.js:1:540)
    at Wc (/workspaces/NotionNext/node_modules/react-dom/cjs/react-dom-server.browser.production.min.js:68:44)
    at Zc (/workspaces/NotionNext/node_modules/react-dom/cjs/react-dom-server.browser.production.min.js:70:253)
    at Z (/workspaces/NotionNext/node_modules/react-dom/cjs/react-dom-server.browser.production.min.js:76:89)
    at $c (/workspaces/NotionNext/node_modules/react-dom/cjs/react-dom-server.browser.production.min.js:78:98)
    at bd (/workspaces/NotionNext/node_modules/react-dom/cjs/react-dom-server.browser.production.min.js:77:404)
    at Z (/workspaces/NotionNext/node_modules/react-dom/cjs/react-dom-server.browser.production.min.js:76:217)
    at $c (/workspaces/NotionNext/node_modules/react-dom/cjs/react-dom-server.browser.production.min.js:78:98)
    at Zc (/workspaces/NotionNext/node_modules/react-dom/cjs/react-dom-server.browser.production.min.js:71:145)
    at Z (/workspaces/NotionNext/node_modules/react-dom/cjs/react-dom-server.browser.production.min.js:76:89)
ReferenceError: CONFIG is not defined
    at x (/workspaces/NotionNext/.next/server/chunks/35120.js:1:540)
    at Wc (/workspaces/NotionNext/node_modules/react-dom/cjs/react-dom-server.browser.production.min.js:68:44)
    at Zc (/workspaces/NotionNext/node_modules/react-dom/cjs/react-dom-server.browser.production.min.js:70:253)
    at Z (/workspaces/NotionNext/node_modules/react-dom/cjs/react-dom-server.browser.production.min.js:76:89)
    at $c (/workspaces/NotionNext/node_modules/react-dom/cjs/react-dom-server.browser.production.min.js:78:98)
    at bd (/workspaces/NotionNext/node_modules/react-dom/cjs/react-dom-server.browser.production.min.js:77:404)
    at Z (/workspaces/NotionNext/node_modules/react-dom/cjs/react-dom-server.browser.production.min.js:76:217)
    at $c (/workspaces/NotionNext/node_modules/react-dom/cjs/react-dom-server.browser.production.min.js:78:98)
    at Zc (/workspaces/NotionNext/node_modules/react-dom/cjs/react-dom-server.browser.production.min.js:71:145)
    at Z (/workspaces/NotionNext/node_modules/react-dom/cjs/react-dom-server.browser.production.min.js:76:89)

Error occurred prerendering page "/zh-CN/search/[keyword]". Read more: https://nextjs.org/docs/messages/prerender-error

ReferenceError: CONFIG is not defined
    at x (/workspaces/NotionNext/.next/server/chunks/35120.js:1:540)
    at Wc (/workspaces/NotionNext/node_modules/react-dom/cjs/react-dom-server.browser.production.min.js:68:44)
    at Zc (/workspaces/NotionNext/node_modules/react-dom/cjs/react-dom-server.browser.production.min.js:70:253)
    at Z (/workspaces/NotionNext/node_modules/react-dom/cjs/react-dom-server.browser.production.min.js:76:89)
    at $c (/workspaces/NotionNext/node_modules/react-dom/cjs/react-dom-server.browser.production.min.js:78:98)
    at bd (/workspaces/NotionNext/node_modules/react-dom/cjs/react-dom-server.browser.production.min.js:77:404)
    at Z (/workspaces/NotionNext/node_modules/react-dom/cjs/react-dom-server.browser.production.min.js:76:217)
    at $c (/workspaces/NotionNext/node_modules/react-dom/cjs/react-dom-server.browser.production.min.js:78:98)
    at Zc (/workspaces/NotionNext/node_modules/react-dom/cjs/react-dom-server.browser.production.min.js:71:145)
    at Z (/workspaces/NotionNext/node_modules/react-dom/cjs/react-dom-server.browser.production.min.js:76:89)
ReferenceError: CONFIG is not defined
    at x (/workspaces/NotionNext/.next/server/chunks/35120.js:1:540)
    at Wc (/workspaces/NotionNext/node_modules/react-dom/cjs/react-dom-server.browser.production.min.js:68:44)
    at Zc (/workspaces/NotionNext/node_modules/react-dom/cjs/react-dom-server.browser.production.min.js:70:253)
    at Z (/workspaces/NotionNext/node_modules/react-dom/cjs/react-dom-server.browser.production.min.js:76:89)
    at $c (/workspaces/NotionNext/node_modules/react-dom/cjs/react-dom-server.browser.production.min.js:78:98)
    at bd (/workspaces/NotionNext/node_modules/react-dom/cjs/react-dom-server.browser.production.min.js:77:404)
    at Z (/workspaces/NotionNext/node_modules/react-dom/cjs/react-dom-server.browser.production.min.js:76:217)
    at $c (/workspaces/NotionNext/node_modules/react-dom/cjs/react-dom-server.browser.production.min.js:78:98)
    at Zc (/workspaces/NotionNext/node_modules/react-dom/cjs/react-dom-server.browser.production.min.js:71:145)
    at Z (/workspaces/NotionNext/node_modules/react-dom/cjs/react-dom-server.browser.production.min.js:76:89)

Error occurred prerendering page "/zh-CN/search/[keyword]/page/[page]". Read more: https://nextjs.org/docs/messages/prerender-error

ReferenceError: CONFIG is not defined
    at x (/workspaces/NotionNext/.next/server/chunks/35120.js:1:540)
    at Wc (/workspaces/NotionNext/node_modules/react-dom/cjs/react-dom-server.browser.production.min.js:68:44)
    at Zc (/workspaces/NotionNext/node_modules/react-dom/cjs/react-dom-server.browser.production.min.js:70:253)
    at Z (/workspaces/NotionNext/node_modules/react-dom/cjs/react-dom-server.browser.production.min.js:76:89)
    at $c (/workspaces/NotionNext/node_modules/react-dom/cjs/react-dom-server.browser.production.min.js:78:98)
    at bd (/workspaces/NotionNext/node_modules/react-dom/cjs/react-dom-server.browser.production.min.js:77:404)
    at Z (/workspaces/NotionNext/node_modules/react-dom/cjs/react-dom-server.browser.production.min.js:76:217)
    at $c (/workspaces/NotionNext/node_modules/react-dom/cjs/react-dom-server.browser.production.min.js:78:98)
    at Zc (/workspaces/NotionNext/node_modules/react-dom/cjs/react-dom-server.browser.production.min.js:71:145)
    at Z (/workspaces/NotionNext/node_modules/react-dom/cjs/react-dom-server.browser.production.min.js:76:89)
ReferenceError: CONFIG is not defined
    at x (/workspaces/NotionNext/.next/server/chunks/35120.js:1:540)
    at Wc (/workspaces/NotionNext/node_modules/react-dom/cjs/react-dom-server.browser.production.min.js:68:44)
    at Zc (/workspaces/NotionNext/node_modules/react-dom/cjs/react-dom-server.browser.production.min.js:70:253)
    at Z (/workspaces/NotionNext/node_modules/react-dom/cjs/react-dom-server.browser.production.min.js:76:89)
    at $c (/workspaces/NotionNext/node_modules/react-dom/cjs/react-dom-server.browser.production.min.js:78:98)
    at bd (/workspaces/NotionNext/node_modules/react-dom/cjs/react-dom-server.browser.production.min.js:77:404)
    at Z (/workspaces/NotionNext/node_modules/react-dom/cjs/react-dom-server.browser.production.min.js:76:217)
    at $c (/workspaces/NotionNext/node_modules/react-dom/cjs/react-dom-server.browser.production.min.js:78:98)
    at Zc (/workspaces/NotionNext/node_modules/react-dom/cjs/react-dom-server.browser.production.min.js:71:145)
    at Z (/workspaces/NotionNext/node_modules/react-dom/cjs/react-dom-server.browser.production.min.js:76:89)

Error occurred prerendering page "/zh-CN/tag/[tag]". Read more: https://nextjs.org/docs/messages/prerender-error

ReferenceError: CONFIG is not defined
    at x (/workspaces/NotionNext/.next/server/chunks/35120.js:1:540)
    at Wc (/workspaces/NotionNext/node_modules/react-dom/cjs/react-dom-server.browser.production.min.js:68:44)
    at Zc (/workspaces/NotionNext/node_modules/react-dom/cjs/react-dom-server.browser.production.min.js:70:253)
    at Z (/workspaces/NotionNext/node_modules/react-dom/cjs/react-dom-server.browser.production.min.js:76:89)
    at $c (/workspaces/NotionNext/node_modules/react-dom/cjs/react-dom-server.browser.production.min.js:78:98)
    at bd (/workspaces/NotionNext/node_modules/react-dom/cjs/react-dom-server.browser.production.min.js:77:404)
    at Z (/workspaces/NotionNext/node_modules/react-dom/cjs/react-dom-server.browser.production.min.js:76:217)
    at $c (/workspaces/NotionNext/node_modules/react-dom/cjs/react-dom-server.browser.production.min.js:78:98)
    at Zc (/workspaces/NotionNext/node_modules/react-dom/cjs/react-dom-server.browser.production.min.js:71:145)
    at Z (/workspaces/NotionNext/node_modules/react-dom/cjs/react-dom-server.browser.production.min.js:76:89)
ReferenceError: CONFIG is not defined
    at x (/workspaces/NotionNext/.next/server/chunks/35120.js:1:540)
    at Wc (/workspaces/NotionNext/node_modules/react-dom/cjs/react-dom-server.browser.production.min.js:68:44)
    at Zc (/workspaces/NotionNext/node_modules/react-dom/cjs/react-dom-server.browser.production.min.js:70:253)
    at Z (/workspaces/NotionNext/node_modules/react-dom/cjs/react-dom-server.browser.production.min.js:76:89)
    at $c (/workspaces/NotionNext/node_modules/react-dom/cjs/react-dom-server.browser.production.min.js:78:98)
    at bd (/workspaces/NotionNext/node_modules/react-dom/cjs/react-dom-server.browser.production.min.js:77:404)
    at Z (/workspaces/NotionNext/node_modules/react-dom/cjs/react-dom-server.browser.production.min.js:76:217)
    at $c (/workspaces/NotionNext/node_modules/react-dom/cjs/react-dom-server.browser.production.min.js:78:98)
    at Zc (/workspaces/NotionNext/node_modules/react-dom/cjs/react-dom-server.browser.production.min.js:71:145)
    at Z (/workspaces/NotionNext/node_modules/react-dom/cjs/react-dom-server.browser.production.min.js:76:89)

Error occurred prerendering page "/zh-CN/tag/[tag]/page/[page]". Read more: https://nextjs.org/docs/messages/prerender-error

ReferenceError: CONFIG is not defined
    at x (/workspaces/NotionNext/.next/server/chunks/35120.js:1:540)
    at Wc (/workspaces/NotionNext/node_modules/react-dom/cjs/react-dom-server.browser.production.min.js:68:44)
    at Zc (/workspaces/NotionNext/node_modules/react-dom/cjs/react-dom-server.browser.production.min.js:70:253)
    at Z (/workspaces/NotionNext/node_modules/react-dom/cjs/react-dom-server.browser.production.min.js:76:89)
    at $c (/workspaces/NotionNext/node_modules/react-dom/cjs/react-dom-server.browser.production.min.js:78:98)
    at bd (/workspaces/NotionNext/node_modules/react-dom/cjs/react-dom-server.browser.production.min.js:77:404)
    at Z (/workspaces/NotionNext/node_modules/react-dom/cjs/react-dom-server.browser.production.min.js:76:217)
    at $c (/workspaces/NotionNext/node_modules/react-dom/cjs/react-dom-server.browser.production.min.js:78:98)
    at Zc (/workspaces/NotionNext/node_modules/react-dom/cjs/react-dom-server.browser.production.min.js:71:145)
    at Z (/workspaces/NotionNext/node_modules/react-dom/cjs/react-dom-server.browser.production.min.js:76:89)
[article/guide-1777937131802] 🕒 开始解析文章: article/guide @ 2026-05-04T23:25:31.802Z
[article/guide-1777937131802] ⏱ fetchGlobalAllData 耗时: 26ms @ 2026-05-04T23:25:32.083Z
[article/guide-1777937131802] ⏱ ensureBlockMap 耗时: 101ms @ 2026-05-04T23:25:32.184Z
[article/guide-1777937131802] ✅ 完成解析文章: article/guide, 总耗时: 393ms @ 2026-05-04T23:25:32.195Z
[article/example-1-1777937132497] 🕒 开始解析文章: article/example-1 @ 2026-05-04T23:25:32.497Z
[article/example-1-1777937132497] ⏱ fetchGlobalAllData 耗时: 8ms @ 2026-05-04T23:25:32.505Z
[article/example-1-1777937132497] ⏱ ensureBlockMap 耗时: 16ms @ 2026-05-04T23:25:32.521Z
[article/example-1-1777937132497] ✅ 完成解析文章: article/example-1, 总耗时: 25ms @ 2026-05-04T23:25:32.522Z
Warning: data for page "/[prefix]/[slug]" (path "/article/example-1") is 161 kB which exceeds the threshold of 128 kB, this amount of data can reduce performance.
See more info here: https://nextjs.org/docs/messages/large-page-data
[article/example-2-1777937132792] 🕒 开始解析文章: article/example-2 @ 2026-05-04T23:25:32.792Z
[article/example-2-1777937132792] ⏱ fetchGlobalAllData 耗时: 21ms @ 2026-05-04T23:25:32.813Z
[article/example-2-1777937132792] ⏱ ensureBlockMap 耗时: 2ms @ 2026-05-04T23:25:32.815Z
[article/example-2-1777937132792] ✅ 完成解析文章: article/example-2, 总耗时: 23ms @ 2026-05-04T23:25:32.815Z
[article/example-3-1777937133090] 🕒 开始解析文章: article/example-3 @ 2026-05-04T23:25:33.090Z
[article/example-3-1777937133090] ⏱ fetchGlobalAllData 耗时: 22ms @ 2026-05-04T23:25:33.112Z
[article/example-3-1777937133090] ⏱ ensureBlockMap 耗时: 6ms @ 2026-05-04T23:25:33.118Z
[article/example-3-1777937133090] ✅ 完成解析文章: article/example-3, 总耗时: 28ms @ 2026-05-04T23:25:33.118Z
[article/example-4-1777937133644] 🕒 开始解析文章: article/example-4 @ 2026-05-04T23:25:33.644Z
[article/example-4-1777937133644] ⏱ fetchGlobalAllData 耗时: 43ms @ 2026-05-04T23:25:33.687Z
[article/example-4-1777937133644] ⏱ ensureBlockMap 耗时: 3ms @ 2026-05-04T23:25:33.690Z
[article/example-4-1777937133644] ✅ 完成解析文章: article/example-4, 总耗时: 46ms @ 2026-05-04T23:25:33.690Z
[article/example-9-1777937133988] 🕒 开始解析文章: article/example-9 @ 2026-05-04T23:25:33.988Z
[article/example-9-1777937133988] ⏱ fetchGlobalAllData 耗时: 29ms @ 2026-05-04T23:25:34.017Z
[article/example-9-1777937133988] ⏱ ensureBlockMap 耗时: 2ms @ 2026-05-04T23:25:34.020Z
[article/example-9-1777937133988] ✅ 完成解析文章: article/example-9, 总耗时: 33ms @ 2026-05-04T23:25:34.021Z
   Generating static pages (15/63) 
[dashboard-1777937134845] 🕒 开始解析文章: dashboard @ 2026-05-04T23:25:34.845Z
[dashboard-1777937134845] ⏱ fetchGlobalAllData 耗时: 19ms @ 2026-05-04T23:25:34.864Z
[dashboard-1777937134845] ✅ 完成解析文章: dashboard, 总耗时: 19ms @ 2026-05-04T23:25:34.864Z
[dashboard-1777937135073] 🕒 开始解析文章: dashboard @ 2026-05-04T23:25:35.073Z
[dashboard-1777937135073] ⏱ fetchGlobalAllData 耗时: 23ms @ 2026-05-04T23:25:35.097Z
[dashboard-1777937135073] ✅ 完成解析文章: dashboard, 总耗时: 24ms @ 2026-05-04T23:25:35.097Z
[dashboard-1777937135509] 🕒 开始解析文章: dashboard @ 2026-05-04T23:25:35.509Z
[dashboard-1777937135509] ⏱ fetchGlobalAllData 耗时: 13ms @ 2026-05-04T23:25:35.522Z
[dashboard-1777937135509] ✅ 完成解析文章: dashboard, 总耗时: 13ms @ 2026-05-04T23:25:35.522Z
[dashboard-1777937135777] 🕒 开始解析文章: dashboard @ 2026-05-04T23:25:35.777Z
[dashboard-1777937135777] ⏱ fetchGlobalAllData 耗时: 32ms @ 2026-05-04T23:25:35.809Z
[dashboard-1777937135777] ✅ 完成解析文章: dashboard, 总耗时: 32ms @ 2026-05-04T23:25:35.809Z
[dashboard-1777937136078] 🕒 开始解析文章: dashboard @ 2026-05-04T23:25:36.078Z
[dashboard-1777937136078] ⏱ fetchGlobalAllData 耗时: 48ms @ 2026-05-04T23:25:36.126Z
[dashboard-1777937136078] ✅ 完成解析文章: dashboard, 总耗时: 48ms @ 2026-05-04T23:25:36.126Z
[dashboard-1777937137330] 🕒 开始解析文章: dashboard @ 2026-05-04T23:25:37.330Z
[dashboard-1777937137330] ⏱ fetchGlobalAllData 耗时: 13ms @ 2026-05-04T23:25:37.343Z
[dashboard-1777937137330] ✅ 完成解析文章: dashboard, 总耗时: 13ms @ 2026-05-04T23:25:37.343Z
[dashboard-1777937137560] 🕒 开始解析文章: dashboard @ 2026-05-04T23:25:37.560Z
[dashboard-1777937137560] ⏱ fetchGlobalAllData 耗时: 20ms @ 2026-05-04T23:25:37.580Z
[dashboard-1777937137560] ✅ 完成解析文章: dashboard, 总耗时: 20ms @ 2026-05-04T23:25:37.580Z
   Generating static pages (31/63) 
ReferenceError: CONFIG is not defined
    at x (/workspaces/NotionNext/.next/server/chunks/35120.js:1:540)
    at Wc (/workspaces/NotionNext/node_modules/react-dom/cjs/react-dom-server.browser.production.min.js:68:44)
    at Zc (/workspaces/NotionNext/node_modules/react-dom/cjs/react-dom-server.browser.production.min.js:70:253)
    at Z (/workspaces/NotionNext/node_modules/react-dom/cjs/react-dom-server.browser.production.min.js:76:89)
    at $c (/workspaces/NotionNext/node_modules/react-dom/cjs/react-dom-server.browser.production.min.js:78:98)
    at bd (/workspaces/NotionNext/node_modules/react-dom/cjs/react-dom-server.browser.production.min.js:77:404)
    at Z (/workspaces/NotionNext/node_modules/react-dom/cjs/react-dom-server.browser.production.min.js:76:217)
    at $c (/workspaces/NotionNext/node_modules/react-dom/cjs/react-dom-server.browser.production.min.js:78:98)
    at Zc (/workspaces/NotionNext/node_modules/react-dom/cjs/react-dom-server.browser.production.min.js:71:145)
    at Z (/workspaces/NotionNext/node_modules/react-dom/cjs/react-dom-server.browser.production.min.js:76:89)

Error occurred prerendering page "/zh-CN/500". Read more: https://nextjs.org/docs/messages/prerender-error

ReferenceError: CONFIG is not defined
    at x (/workspaces/NotionNext/.next/server/chunks/35120.js:1:540)
    at Wc (/workspaces/NotionNext/node_modules/react-dom/cjs/react-dom-server.browser.production.min.js:68:44)
    at Zc (/workspaces/NotionNext/node_modules/react-dom/cjs/react-dom-server.browser.production.min.js:70:253)
    at Z (/workspaces/NotionNext/node_modules/react-dom/cjs/react-dom-server.browser.production.min.js:76:89)
    at $c (/workspaces/NotionNext/node_modules/react-dom/cjs/react-dom-server.browser.production.min.js:78:98)
    at bd (/workspaces/NotionNext/node_modules/react-dom/cjs/react-dom-server.browser.production.min.js:77:404)
    at Z (/workspaces/NotionNext/node_modules/react-dom/cjs/react-dom-server.browser.production.min.js:76:217)
    at $c (/workspaces/NotionNext/node_modules/react-dom/cjs/react-dom-server.browser.production.min.js:78:98)
    at Zc (/workspaces/NotionNext/node_modules/react-dom/cjs/react-dom-server.browser.production.min.js:71:145)
    at Z (/workspaces/NotionNext/node_modules/react-dom/cjs/react-dom-server.browser.production.min.js:76:89)
ReferenceError: CONFIG is not defined
    at x (/workspaces/NotionNext/.next/server/chunks/35120.js:1:540)
    at Wc (/workspaces/NotionNext/node_modules/react-dom/cjs/react-dom-server.browser.production.min.js:68:44)
    at Zc (/workspaces/NotionNext/node_modules/react-dom/cjs/react-dom-server.browser.production.min.js:70:253)
    at Z (/workspaces/NotionNext/node_modules/react-dom/cjs/react-dom-server.browser.production.min.js:76:89)
    at $c (/workspaces/NotionNext/node_modules/react-dom/cjs/react-dom-server.browser.production.min.js:78:98)
    at bd (/workspaces/NotionNext/node_modules/react-dom/cjs/react-dom-server.browser.production.min.js:77:404)
    at Z (/workspaces/NotionNext/node_modules/react-dom/cjs/react-dom-server.browser.production.min.js:76:217)
    at $c (/workspaces/NotionNext/node_modules/react-dom/cjs/react-dom-server.browser.production.min.js:78:98)
    at Zc (/workspaces/NotionNext/node_modules/react-dom/cjs/react-dom-server.browser.production.min.js:71:145)
    at Z (/workspaces/NotionNext/node_modules/react-dom/cjs/react-dom-server.browser.production.min.js:76:89)

Error occurred prerendering page "/en/500". Read more: https://nextjs.org/docs/messages/prerender-error

ReferenceError: CONFIG is not defined
    at x (/workspaces/NotionNext/.next/server/chunks/35120.js:1:540)
    at Wc (/workspaces/NotionNext/node_modules/react-dom/cjs/react-dom-server.browser.production.min.js:68:44)
    at Zc (/workspaces/NotionNext/node_modules/react-dom/cjs/react-dom-server.browser.production.min.js:70:253)
    at Z (/workspaces/NotionNext/node_modules/react-dom/cjs/react-dom-server.browser.production.min.js:76:89)
    at $c (/workspaces/NotionNext/node_modules/react-dom/cjs/react-dom-server.browser.production.min.js:78:98)
    at bd (/workspaces/NotionNext/node_modules/react-dom/cjs/react-dom-server.browser.production.min.js:77:404)
    at Z (/workspaces/NotionNext/node_modules/react-dom/cjs/react-dom-server.browser.production.min.js:76:217)
    at $c (/workspaces/NotionNext/node_modules/react-dom/cjs/react-dom-server.browser.production.min.js:78:98)
    at Zc (/workspaces/NotionNext/node_modules/react-dom/cjs/react-dom-server.browser.production.min.js:71:145)
    at Z (/workspaces/NotionNext/node_modules/react-dom/cjs/react-dom-server.browser.production.min.js:76:89)
ReferenceError: CONFIG is not defined
    at x (/workspaces/NotionNext/.next/server/chunks/35120.js:1:540)
    at Wc (/workspaces/NotionNext/node_modules/react-dom/cjs/react-dom-server.browser.production.min.js:68:44)
    at Zc (/workspaces/NotionNext/node_modules/react-dom/cjs/react-dom-server.browser.production.min.js:70:253)
    at Z (/workspaces/NotionNext/node_modules/react-dom/cjs/react-dom-server.browser.production.min.js:76:89)
    at $c (/workspaces/NotionNext/node_modules/react-dom/cjs/react-dom-server.browser.production.min.js:78:98)
    at bd (/workspaces/NotionNext/node_modules/react-dom/cjs/react-dom-server.browser.production.min.js:77:404)
    at Z (/workspaces/NotionNext/node_modules/react-dom/cjs/react-dom-server.browser.production.min.js:76:217)
    at $c (/workspaces/NotionNext/node_modules/react-dom/cjs/react-dom-server.browser.production.min.js:78:98)
    at Zc (/workspaces/NotionNext/node_modules/react-dom/cjs/react-dom-server.browser.production.min.js:71:145)
    at Z (/workspaces/NotionNext/node_modules/react-dom/cjs/react-dom-server.browser.production.min.js:76:89)

Error occurred prerendering page "/en/404". Read more: https://nextjs.org/docs/messages/prerender-error

ReferenceError: CONFIG is not defined
    at x (/workspaces/NotionNext/.next/server/chunks/35120.js:1:540)
    at Wc (/workspaces/NotionNext/node_modules/react-dom/cjs/react-dom-server.browser.production.min.js:68:44)
    at Zc (/workspaces/NotionNext/node_modules/react-dom/cjs/react-dom-server.browser.production.min.js:70:253)
    at Z (/workspaces/NotionNext/node_modules/react-dom/cjs/react-dom-server.browser.production.min.js:76:89)
    at $c (/workspaces/NotionNext/node_modules/react-dom/cjs/react-dom-server.browser.production.min.js:78:98)
    at bd (/workspaces/NotionNext/node_modules/react-dom/cjs/react-dom-server.browser.production.min.js:77:404)
    at Z (/workspaces/NotionNext/node_modules/react-dom/cjs/react-dom-server.browser.production.min.js:76:217)
    at $c (/workspaces/NotionNext/node_modules/react-dom/cjs/react-dom-server.browser.production.min.js:78:98)
    at Zc (/workspaces/NotionNext/node_modules/react-dom/cjs/react-dom-server.browser.production.min.js:71:145)
    at Z (/workspaces/NotionNext/node_modules/react-dom/cjs/react-dom-server.browser.production.min.js:76:89)
ReferenceError: CONFIG is not defined
    at x (/workspaces/NotionNext/.next/server/chunks/35120.js:1:540)
    at Wc (/workspaces/NotionNext/node_modules/react-dom/cjs/react-dom-server.browser.production.min.js:68:44)
    at Zc (/workspaces/NotionNext/node_modules/react-dom/cjs/react-dom-server.browser.production.min.js:70:253)
    at Z (/workspaces/NotionNext/node_modules/react-dom/cjs/react-dom-server.browser.production.min.js:76:89)
    at $c (/workspaces/NotionNext/node_modules/react-dom/cjs/react-dom-server.browser.production.min.js:78:98)
    at bd (/workspaces/NotionNext/node_modules/react-dom/cjs/react-dom-server.browser.production.min.js:77:404)
    at Z (/workspaces/NotionNext/node_modules/react-dom/cjs/react-dom-server.browser.production.min.js:76:217)
    at $c (/workspaces/NotionNext/node_modules/react-dom/cjs/react-dom-server.browser.production.min.js:78:98)
    at Zc (/workspaces/NotionNext/node_modules/react-dom/cjs/react-dom-server.browser.production.min.js:71:145)
    at Z (/workspaces/NotionNext/node_modules/react-dom/cjs/react-dom-server.browser.production.min.js:76:89)

Error occurred prerendering page "/en/archive". Read more: https://nextjs.org/docs/messages/prerender-error

ReferenceError: CONFIG is not defined
    at x (/workspaces/NotionNext/.next/server/chunks/35120.js:1:540)
    at Wc (/workspaces/NotionNext/node_modules/react-dom/cjs/react-dom-server.browser.production.min.js:68:44)
    at Zc (/workspaces/NotionNext/node_modules/react-dom/cjs/react-dom-server.browser.production.min.js:70:253)
    at Z (/workspaces/NotionNext/node_modules/react-dom/cjs/react-dom-server.browser.production.min.js:76:89)
    at $c (/workspaces/NotionNext/node_modules/react-dom/cjs/react-dom-server.browser.production.min.js:78:98)
    at bd (/workspaces/NotionNext/node_modules/react-dom/cjs/react-dom-server.browser.production.min.js:77:404)
    at Z (/workspaces/NotionNext/node_modules/react-dom/cjs/react-dom-server.browser.production.min.js:76:217)
    at $c (/workspaces/NotionNext/node_modules/react-dom/cjs/react-dom-server.browser.production.min.js:78:98)
    at Zc (/workspaces/NotionNext/node_modules/react-dom/cjs/react-dom-server.browser.production.min.js:71:145)
    at Z (/workspaces/NotionNext/node_modules/react-dom/cjs/react-dom-server.browser.production.min.js:76:89)
ReferenceError: CONFIG is not defined
    at x (/workspaces/NotionNext/.next/server/chunks/35120.js:1:540)
    at Wc (/workspaces/NotionNext/node_modules/react-dom/cjs/react-dom-server.browser.production.min.js:68:44)
    at Zc (/workspaces/NotionNext/node_modules/react-dom/cjs/react-dom-server.browser.production.min.js:70:253)
    at Z (/workspaces/NotionNext/node_modules/react-dom/cjs/react-dom-server.browser.production.min.js:76:89)
    at $c (/workspaces/NotionNext/node_modules/react-dom/cjs/react-dom-server.browser.production.min.js:78:98)
    at bd (/workspaces/NotionNext/node_modules/react-dom/cjs/react-dom-server.browser.production.min.js:77:404)
    at Z (/workspaces/NotionNext/node_modules/react-dom/cjs/react-dom-server.browser.production.min.js:76:217)
    at $c (/workspaces/NotionNext/node_modules/react-dom/cjs/react-dom-server.browser.production.min.js:78:98)
    at Zc (/workspaces/NotionNext/node_modules/react-dom/cjs/react-dom-server.browser.production.min.js:71:145)
    at Z (/workspaces/NotionNext/node_modules/react-dom/cjs/react-dom-server.browser.production.min.js:76:89)

Error occurred prerendering page "/en/category/[category]". Read more: https://nextjs.org/docs/messages/prerender-error

ReferenceError: CONFIG is not defined
    at x (/workspaces/NotionNext/.next/server/chunks/35120.js:1:540)
    at Wc (/workspaces/NotionNext/node_modules/react-dom/cjs/react-dom-server.browser.production.min.js:68:44)
    at Zc (/workspaces/NotionNext/node_modules/react-dom/cjs/react-dom-server.browser.production.min.js:70:253)
    at Z (/workspaces/NotionNext/node_modules/react-dom/cjs/react-dom-server.browser.production.min.js:76:89)
    at $c (/workspaces/NotionNext/node_modules/react-dom/cjs/react-dom-server.browser.production.min.js:78:98)
    at bd (/workspaces/NotionNext/node_modules/react-dom/cjs/react-dom-server.browser.production.min.js:77:404)
    at Z (/workspaces/NotionNext/node_modules/react-dom/cjs/react-dom-server.browser.production.min.js:76:217)
    at $c (/workspaces/NotionNext/node_modules/react-dom/cjs/react-dom-server.browser.production.min.js:78:98)
    at Zc (/workspaces/NotionNext/node_modules/react-dom/cjs/react-dom-server.browser.production.min.js:71:145)
    at Z (/workspaces/NotionNext/node_modules/react-dom/cjs/react-dom-server.browser.production.min.js:76:89)
   Generating static pages (47/63) 
ReferenceError: CONFIG is not defined
    at x (/workspaces/NotionNext/.next/server/chunks/35120.js:1:540)
    at Wc (/workspaces/NotionNext/node_modules/react-dom/cjs/react-dom-server.browser.production.min.js:68:44)
    at Zc (/workspaces/NotionNext/node_modules/react-dom/cjs/react-dom-server.browser.production.min.js:70:253)
    at Z (/workspaces/NotionNext/node_modules/react-dom/cjs/react-dom-server.browser.production.min.js:76:89)
    at $c (/workspaces/NotionNext/node_modules/react-dom/cjs/react-dom-server.browser.production.min.js:78:98)
    at bd (/workspaces/NotionNext/node_modules/react-dom/cjs/react-dom-server.browser.production.min.js:77:404)
    at Z (/workspaces/NotionNext/node_modules/react-dom/cjs/react-dom-server.browser.production.min.js:76:217)
    at $c (/workspaces/NotionNext/node_modules/react-dom/cjs/react-dom-server.browser.production.min.js:78:98)
    at Zc (/workspaces/NotionNext/node_modules/react-dom/cjs/react-dom-server.browser.production.min.js:71:145)
    at Z (/workspaces/NotionNext/node_modules/react-dom/cjs/react-dom-server.browser.production.min.js:76:89)

Error occurred prerendering page "/en/category". Read more: https://nextjs.org/docs/messages/prerender-error

ReferenceError: CONFIG is not defined
    at x (/workspaces/NotionNext/.next/server/chunks/35120.js:1:540)
    at Wc (/workspaces/NotionNext/node_modules/react-dom/cjs/react-dom-server.browser.production.min.js:68:44)
    at Zc (/workspaces/NotionNext/node_modules/react-dom/cjs/react-dom-server.browser.production.min.js:70:253)
    at Z (/workspaces/NotionNext/node_modules/react-dom/cjs/react-dom-server.browser.production.min.js:76:89)
    at $c (/workspaces/NotionNext/node_modules/react-dom/cjs/react-dom-server.browser.production.min.js:78:98)
    at bd (/workspaces/NotionNext/node_modules/react-dom/cjs/react-dom-server.browser.production.min.js:77:404)
    at Z (/workspaces/NotionNext/node_modules/react-dom/cjs/react-dom-server.browser.production.min.js:76:217)
    at $c (/workspaces/NotionNext/node_modules/react-dom/cjs/react-dom-server.browser.production.min.js:78:98)
    at Zc (/workspaces/NotionNext/node_modules/react-dom/cjs/react-dom-server.browser.production.min.js:71:145)
    at Z (/workspaces/NotionNext/node_modules/react-dom/cjs/react-dom-server.browser.production.min.js:76:89)
ReferenceError: CONFIG is not defined
    at x (/workspaces/NotionNext/.next/server/chunks/35120.js:1:540)
    at Wc (/workspaces/NotionNext/node_modules/react-dom/cjs/react-dom-server.browser.production.min.js:68:44)
    at Zc (/workspaces/NotionNext/node_modules/react-dom/cjs/react-dom-server.browser.production.min.js:70:253)
    at Z (/workspaces/NotionNext/node_modules/react-dom/cjs/react-dom-server.browser.production.min.js:76:89)
    at $c (/workspaces/NotionNext/node_modules/react-dom/cjs/react-dom-server.browser.production.min.js:78:98)
    at bd (/workspaces/NotionNext/node_modules/react-dom/cjs/react-dom-server.browser.production.min.js:77:404)
    at Z (/workspaces/NotionNext/node_modules/react-dom/cjs/react-dom-server.browser.production.min.js:76:217)
    at $c (/workspaces/NotionNext/node_modules/react-dom/cjs/react-dom-server.browser.production.min.js:78:98)
    at Zc (/workspaces/NotionNext/node_modules/react-dom/cjs/react-dom-server.browser.production.min.js:71:145)
    at Z (/workspaces/NotionNext/node_modules/react-dom/cjs/react-dom-server.browser.production.min.js:76:89)

Error occurred prerendering page "/en/category/[category]/page/[page]". Read more: https://nextjs.org/docs/messages/prerender-error

ReferenceError: CONFIG is not defined
    at x (/workspaces/NotionNext/.next/server/chunks/35120.js:1:540)
    at Wc (/workspaces/NotionNext/node_modules/react-dom/cjs/react-dom-server.browser.production.min.js:68:44)
    at Zc (/workspaces/NotionNext/node_modules/react-dom/cjs/react-dom-server.browser.production.min.js:70:253)
    at Z (/workspaces/NotionNext/node_modules/react-dom/cjs/react-dom-server.browser.production.min.js:76:89)
    at $c (/workspaces/NotionNext/node_modules/react-dom/cjs/react-dom-server.browser.production.min.js:78:98)
    at bd (/workspaces/NotionNext/node_modules/react-dom/cjs/react-dom-server.browser.production.min.js:77:404)
    at Z (/workspaces/NotionNext/node_modules/react-dom/cjs/react-dom-server.browser.production.min.js:76:217)
    at $c (/workspaces/NotionNext/node_modules/react-dom/cjs/react-dom-server.browser.production.min.js:78:98)
    at Zc (/workspaces/NotionNext/node_modules/react-dom/cjs/react-dom-server.browser.production.min.js:71:145)
    at Z (/workspaces/NotionNext/node_modules/react-dom/cjs/react-dom-server.browser.production.min.js:76:89)
ReferenceError: CONFIG is not defined
    at x (/workspaces/NotionNext/.next/server/chunks/35120.js:1:540)
    at Wc (/workspaces/NotionNext/node_modules/react-dom/cjs/react-dom-server.browser.production.min.js:68:44)
    at Zc (/workspaces/NotionNext/node_modules/react-dom/cjs/react-dom-server.browser.production.min.js:70:253)
    at Z (/workspaces/NotionNext/node_modules/react-dom/cjs/react-dom-server.browser.production.min.js:76:89)
    at $c (/workspaces/NotionNext/node_modules/react-dom/cjs/react-dom-server.browser.production.min.js:78:98)
    at bd (/workspaces/NotionNext/node_modules/react-dom/cjs/react-dom-server.browser.production.min.js:77:404)
    at Z (/workspaces/NotionNext/node_modules/react-dom/cjs/react-dom-server.browser.production.min.js:76:217)
    at $c (/workspaces/NotionNext/node_modules/react-dom/cjs/react-dom-server.browser.production.min.js:78:98)
    at Zc (/workspaces/NotionNext/node_modules/react-dom/cjs/react-dom-server.browser.production.min.js:71:145)
    at Z (/workspaces/NotionNext/node_modules/react-dom/cjs/react-dom-server.browser.production.min.js:76:89)

Error occurred prerendering page "/en/go". Read more: https://nextjs.org/docs/messages/prerender-error

ReferenceError: CONFIG is not defined
    at x (/workspaces/NotionNext/.next/server/chunks/35120.js:1:540)
    at Wc (/workspaces/NotionNext/node_modules/react-dom/cjs/react-dom-server.browser.production.min.js:68:44)
    at Zc (/workspaces/NotionNext/node_modules/react-dom/cjs/react-dom-server.browser.production.min.js:70:253)
    at Z (/workspaces/NotionNext/node_modules/react-dom/cjs/react-dom-server.browser.production.min.js:76:89)
    at $c (/workspaces/NotionNext/node_modules/react-dom/cjs/react-dom-server.browser.production.min.js:78:98)
    at bd (/workspaces/NotionNext/node_modules/react-dom/cjs/react-dom-server.browser.production.min.js:77:404)
    at Z (/workspaces/NotionNext/node_modules/react-dom/cjs/react-dom-server.browser.production.min.js:76:217)
    at $c (/workspaces/NotionNext/node_modules/react-dom/cjs/react-dom-server.browser.production.min.js:78:98)
    at Zc (/workspaces/NotionNext/node_modules/react-dom/cjs/react-dom-server.browser.production.min.js:71:145)
    at Z (/workspaces/NotionNext/node_modules/react-dom/cjs/react-dom-server.browser.production.min.js:76:89)
[RSS订阅] 正在生成/rss/feed.xml
[RSS订阅] 成功生成 /rss/feed.xml
Warning: data for page "/" is 306 kB which exceeds the threshold of 128 kB, this amount of data can reduce performance.
See more info here: https://nextjs.org/docs/messages/large-page-data
ReferenceError: CONFIG is not defined
    at x (/workspaces/NotionNext/.next/server/chunks/35120.js:1:540)
    at Wc (/workspaces/NotionNext/node_modules/react-dom/cjs/react-dom-server.browser.production.min.js:68:44)
    at Zc (/workspaces/NotionNext/node_modules/react-dom/cjs/react-dom-server.browser.production.min.js:70:253)
    at Z (/workspaces/NotionNext/node_modules/react-dom/cjs/react-dom-server.browser.production.min.js:76:89)
    at $c (/workspaces/NotionNext/node_modules/react-dom/cjs/react-dom-server.browser.production.min.js:78:98)
    at bd (/workspaces/NotionNext/node_modules/react-dom/cjs/react-dom-server.browser.production.min.js:77:404)
    at Z (/workspaces/NotionNext/node_modules/react-dom/cjs/react-dom-server.browser.production.min.js:76:217)
    at $c (/workspaces/NotionNext/node_modules/react-dom/cjs/react-dom-server.browser.production.min.js:78:98)
    at Zc (/workspaces/NotionNext/node_modules/react-dom/cjs/react-dom-server.browser.production.min.js:71:145)
    at Z (/workspaces/NotionNext/node_modules/react-dom/cjs/react-dom-server.browser.production.min.js:76:89)

Error occurred prerendering page "/en". Read more: https://nextjs.org/docs/messages/prerender-error

ReferenceError: CONFIG is not defined
    at x (/workspaces/NotionNext/.next/server/chunks/35120.js:1:540)
    at Wc (/workspaces/NotionNext/node_modules/react-dom/cjs/react-dom-server.browser.production.min.js:68:44)
    at Zc (/workspaces/NotionNext/node_modules/react-dom/cjs/react-dom-server.browser.production.min.js:70:253)
    at Z (/workspaces/NotionNext/node_modules/react-dom/cjs/react-dom-server.browser.production.min.js:76:89)
    at $c (/workspaces/NotionNext/node_modules/react-dom/cjs/react-dom-server.browser.production.min.js:78:98)
    at bd (/workspaces/NotionNext/node_modules/react-dom/cjs/react-dom-server.browser.production.min.js:77:404)
    at Z (/workspaces/NotionNext/node_modules/react-dom/cjs/react-dom-server.browser.production.min.js:76:217)
    at $c (/workspaces/NotionNext/node_modules/react-dom/cjs/react-dom-server.browser.production.min.js:78:98)
    at Zc (/workspaces/NotionNext/node_modules/react-dom/cjs/react-dom-server.browser.production.min.js:71:145)
    at Z (/workspaces/NotionNext/node_modules/react-dom/cjs/react-dom-server.browser.production.min.js:76:89)
ReferenceError: CONFIG is not defined
    at x (/workspaces/NotionNext/.next/server/chunks/35120.js:1:540)
    at Wc (/workspaces/NotionNext/node_modules/react-dom/cjs/react-dom-server.browser.production.min.js:68:44)
    at Zc (/workspaces/NotionNext/node_modules/react-dom/cjs/react-dom-server.browser.production.min.js:70:253)
    at Z (/workspaces/NotionNext/node_modules/react-dom/cjs/react-dom-server.browser.production.min.js:76:89)
    at $c (/workspaces/NotionNext/node_modules/react-dom/cjs/react-dom-server.browser.production.min.js:78:98)
    at bd (/workspaces/NotionNext/node_modules/react-dom/cjs/react-dom-server.browser.production.min.js:77:404)
    at Z (/workspaces/NotionNext/node_modules/react-dom/cjs/react-dom-server.browser.production.min.js:76:217)
    at $c (/workspaces/NotionNext/node_modules/react-dom/cjs/react-dom-server.browser.production.min.js:78:98)
    at Zc (/workspaces/NotionNext/node_modules/react-dom/cjs/react-dom-server.browser.production.min.js:71:145)
    at Z (/workspaces/NotionNext/node_modules/react-dom/cjs/react-dom-server.browser.production.min.js:76:89)

Error occurred prerendering page "/en/page/[page]". Read more: https://nextjs.org/docs/messages/prerender-error

ReferenceError: CONFIG is not defined
    at x (/workspaces/NotionNext/.next/server/chunks/35120.js:1:540)
    at Wc (/workspaces/NotionNext/node_modules/react-dom/cjs/react-dom-server.browser.production.min.js:68:44)
    at Zc (/workspaces/NotionNext/node_modules/react-dom/cjs/react-dom-server.browser.production.min.js:70:253)
    at Z (/workspaces/NotionNext/node_modules/react-dom/cjs/react-dom-server.browser.production.min.js:76:89)
    at $c (/workspaces/NotionNext/node_modules/react-dom/cjs/react-dom-server.browser.production.min.js:78:98)
    at bd (/workspaces/NotionNext/node_modules/react-dom/cjs/react-dom-server.browser.production.min.js:77:404)
    at Z (/workspaces/NotionNext/node_modules/react-dom/cjs/react-dom-server.browser.production.min.js:76:217)
    at $c (/workspaces/NotionNext/node_modules/react-dom/cjs/react-dom-server.browser.production.min.js:78:98)
    at Zc (/workspaces/NotionNext/node_modules/react-dom/cjs/react-dom-server.browser.production.min.js:71:145)
    at Z (/workspaces/NotionNext/node_modules/react-dom/cjs/react-dom-server.browser.production.min.js:76:89)
ReferenceError: CONFIG is not defined
    at x (/workspaces/NotionNext/.next/server/chunks/35120.js:1:540)
    at Wc (/workspaces/NotionNext/node_modules/react-dom/cjs/react-dom-server.browser.production.min.js:68:44)
    at Zc (/workspaces/NotionNext/node_modules/react-dom/cjs/react-dom-server.browser.production.min.js:70:253)
    at Z (/workspaces/NotionNext/node_modules/react-dom/cjs/react-dom-server.browser.production.min.js:76:89)
    at $c (/workspaces/NotionNext/node_modules/react-dom/cjs/react-dom-server.browser.production.min.js:78:98)
    at bd (/workspaces/NotionNext/node_modules/react-dom/cjs/react-dom-server.browser.production.min.js:77:404)
    at Z (/workspaces/NotionNext/node_modules/react-dom/cjs/react-dom-server.browser.production.min.js:76:217)
    at $c (/workspaces/NotionNext/node_modules/react-dom/cjs/react-dom-server.browser.production.min.js:78:98)
    at Zc (/workspaces/NotionNext/node_modules/react-dom/cjs/react-dom-server.browser.production.min.js:71:145)
    at Z (/workspaces/NotionNext/node_modules/react-dom/cjs/react-dom-server.browser.production.min.js:76:89)

Error occurred prerendering page "/en/search/[keyword]". Read more: https://nextjs.org/docs/messages/prerender-error

ReferenceError: CONFIG is not defined
    at x (/workspaces/NotionNext/.next/server/chunks/35120.js:1:540)
    at Wc (/workspaces/NotionNext/node_modules/react-dom/cjs/react-dom-server.browser.production.min.js:68:44)
    at Zc (/workspaces/NotionNext/node_modules/react-dom/cjs/react-dom-server.browser.production.min.js:70:253)
    at Z (/workspaces/NotionNext/node_modules/react-dom/cjs/react-dom-server.browser.production.min.js:76:89)
    at $c (/workspaces/NotionNext/node_modules/react-dom/cjs/react-dom-server.browser.production.min.js:78:98)
    at bd (/workspaces/NotionNext/node_modules/react-dom/cjs/react-dom-server.browser.production.min.js:77:404)
    at Z (/workspaces/NotionNext/node_modules/react-dom/cjs/react-dom-server.browser.production.min.js:76:217)
    at $c (/workspaces/NotionNext/node_modules/react-dom/cjs/react-dom-server.browser.production.min.js:78:98)
    at Zc (/workspaces/NotionNext/node_modules/react-dom/cjs/react-dom-server.browser.production.min.js:71:145)
    at Z (/workspaces/NotionNext/node_modules/react-dom/cjs/react-dom-server.browser.production.min.js:76:89)
ReferenceError: CONFIG is not defined
    at x (/workspaces/NotionNext/.next/server/chunks/35120.js:1:540)
    at Wc (/workspaces/NotionNext/node_modules/react-dom/cjs/react-dom-server.browser.production.min.js:68:44)
    at Zc (/workspaces/NotionNext/node_modules/react-dom/cjs/react-dom-server.browser.production.min.js:70:253)
    at Z (/workspaces/NotionNext/node_modules/react-dom/cjs/react-dom-server.browser.production.min.js:76:89)
    at $c (/workspaces/NotionNext/node_modules/react-dom/cjs/react-dom-server.browser.production.min.js:78:98)
    at bd (/workspaces/NotionNext/node_modules/react-dom/cjs/react-dom-server.browser.production.min.js:77:404)
    at Z (/workspaces/NotionNext/node_modules/react-dom/cjs/react-dom-server.browser.production.min.js:76:217)
    at $c (/workspaces/NotionNext/node_modules/react-dom/cjs/react-dom-server.browser.production.min.js:78:98)
    at Zc (/workspaces/NotionNext/node_modules/react-dom/cjs/react-dom-server.browser.production.min.js:71:145)
    at Z (/workspaces/NotionNext/node_modules/react-dom/cjs/react-dom-server.browser.production.min.js:76:89)

Error occurred prerendering page "/en/search/[keyword]/page/[page]". Read more: https://nextjs.org/docs/messages/prerender-error

ReferenceError: CONFIG is not defined
    at x (/workspaces/NotionNext/.next/server/chunks/35120.js:1:540)
    at Wc (/workspaces/NotionNext/node_modules/react-dom/cjs/react-dom-server.browser.production.min.js:68:44)
    at Zc (/workspaces/NotionNext/node_modules/react-dom/cjs/react-dom-server.browser.production.min.js:70:253)
    at Z (/workspaces/NotionNext/node_modules/react-dom/cjs/react-dom-server.browser.production.min.js:76:89)
    at $c (/workspaces/NotionNext/node_modules/react-dom/cjs/react-dom-server.browser.production.min.js:78:98)
    at bd (/workspaces/NotionNext/node_modules/react-dom/cjs/react-dom-server.browser.production.min.js:77:404)
    at Z (/workspaces/NotionNext/node_modules/react-dom/cjs/react-dom-server.browser.production.min.js:76:217)
    at $c (/workspaces/NotionNext/node_modules/react-dom/cjs/react-dom-server.browser.production.min.js:78:98)
    at Zc (/workspaces/NotionNext/node_modules/react-dom/cjs/react-dom-server.browser.production.min.js:71:145)
    at Z (/workspaces/NotionNext/node_modules/react-dom/cjs/react-dom-server.browser.production.min.js:76:89)
ReferenceError: CONFIG is not defined
    at x (/workspaces/NotionNext/.next/server/chunks/35120.js:1:540)
    at Wc (/workspaces/NotionNext/node_modules/react-dom/cjs/react-dom-server.browser.production.min.js:68:44)
    at Zc (/workspaces/NotionNext/node_modules/react-dom/cjs/react-dom-server.browser.production.min.js:70:253)
    at Z (/workspaces/NotionNext/node_modules/react-dom/cjs/react-dom-server.browser.production.min.js:76:89)
    at $c (/workspaces/NotionNext/node_modules/react-dom/cjs/react-dom-server.browser.production.min.js:78:98)
    at bd (/workspaces/NotionNext/node_modules/react-dom/cjs/react-dom-server.browser.production.min.js:77:404)
    at Z (/workspaces/NotionNext/node_modules/react-dom/cjs/react-dom-server.browser.production.min.js:76:217)
    at $c (/workspaces/NotionNext/node_modules/react-dom/cjs/react-dom-server.browser.production.min.js:78:98)
    at Zc (/workspaces/NotionNext/node_modules/react-dom/cjs/react-dom-server.browser.production.min.js:71:145)
    at Z (/workspaces/NotionNext/node_modules/react-dom/cjs/react-dom-server.browser.production.min.js:76:89)

Error occurred prerendering page "/en/search". Read more: https://nextjs.org/docs/messages/prerender-error

ReferenceError: CONFIG is not defined
    at x (/workspaces/NotionNext/.next/server/chunks/35120.js:1:540)
    at Wc (/workspaces/NotionNext/node_modules/react-dom/cjs/react-dom-server.browser.production.min.js:68:44)
    at Zc (/workspaces/NotionNext/node_modules/react-dom/cjs/react-dom-server.browser.production.min.js:70:253)
    at Z (/workspaces/NotionNext/node_modules/react-dom/cjs/react-dom-server.browser.production.min.js:76:89)
    at $c (/workspaces/NotionNext/node_modules/react-dom/cjs/react-dom-server.browser.production.min.js:78:98)
    at bd (/workspaces/NotionNext/node_modules/react-dom/cjs/react-dom-server.browser.production.min.js:77:404)
    at Z (/workspaces/NotionNext/node_modules/react-dom/cjs/react-dom-server.browser.production.min.js:76:217)
    at $c (/workspaces/NotionNext/node_modules/react-dom/cjs/react-dom-server.browser.production.min.js:78:98)
    at Zc (/workspaces/NotionNext/node_modules/react-dom/cjs/react-dom-server.browser.production.min.js:71:145)
    at Z (/workspaces/NotionNext/node_modules/react-dom/cjs/react-dom-server.browser.production.min.js:76:89)
ReferenceError: CONFIG is not defined
    at x (/workspaces/NotionNext/.next/server/chunks/35120.js:1:540)
    at Wc (/workspaces/NotionNext/node_modules/react-dom/cjs/react-dom-server.browser.production.min.js:68:44)
    at Zc (/workspaces/NotionNext/node_modules/react-dom/cjs/react-dom-server.browser.production.min.js:70:253)
    at Z (/workspaces/NotionNext/node_modules/react-dom/cjs/react-dom-server.browser.production.min.js:76:89)
    at $c (/workspaces/NotionNext/node_modules/react-dom/cjs/react-dom-server.browser.production.min.js:78:98)
    at bd (/workspaces/NotionNext/node_modules/react-dom/cjs/react-dom-server.browser.production.min.js:77:404)
    at Z (/workspaces/NotionNext/node_modules/react-dom/cjs/react-dom-server.browser.production.min.js:76:217)
    at $c (/workspaces/NotionNext/node_modules/react-dom/cjs/react-dom-server.browser.production.min.js:78:98)
    at Zc (/workspaces/NotionNext/node_modules/react-dom/cjs/react-dom-server.browser.production.min.js:71:145)
    at Z (/workspaces/NotionNext/node_modules/react-dom/cjs/react-dom-server.browser.production.min.js:76:89)

Error occurred prerendering page "/en/tag/[tag]". Read more: https://nextjs.org/docs/messages/prerender-error

ReferenceError: CONFIG is not defined
    at x (/workspaces/NotionNext/.next/server/chunks/35120.js:1:540)
    at Wc (/workspaces/NotionNext/node_modules/react-dom/cjs/react-dom-server.browser.production.min.js:68:44)
    at Zc (/workspaces/NotionNext/node_modules/react-dom/cjs/react-dom-server.browser.production.min.js:70:253)
    at Z (/workspaces/NotionNext/node_modules/react-dom/cjs/react-dom-server.browser.production.min.js:76:89)
    at $c (/workspaces/NotionNext/node_modules/react-dom/cjs/react-dom-server.browser.production.min.js:78:98)
    at bd (/workspaces/NotionNext/node_modules/react-dom/cjs/react-dom-server.browser.production.min.js:77:404)
    at Z (/workspaces/NotionNext/node_modules/react-dom/cjs/react-dom-server.browser.production.min.js:76:217)
    at $c (/workspaces/NotionNext/node_modules/react-dom/cjs/react-dom-server.browser.production.min.js:78:98)
    at Zc (/workspaces/NotionNext/node_modules/react-dom/cjs/react-dom-server.browser.production.min.js:71:145)
    at Z (/workspaces/NotionNext/node_modules/react-dom/cjs/react-dom-server.browser.production.min.js:76:89)
ReferenceError: CONFIG is not defined
    at x (/workspaces/NotionNext/.next/server/chunks/35120.js:1:540)
    at Wc (/workspaces/NotionNext/node_modules/react-dom/cjs/react-dom-server.browser.production.min.js:68:44)
    at Zc (/workspaces/NotionNext/node_modules/react-dom/cjs/react-dom-server.browser.production.min.js:70:253)
    at Z (/workspaces/NotionNext/node_modules/react-dom/cjs/react-dom-server.browser.production.min.js:76:89)
    at $c (/workspaces/NotionNext/node_modules/react-dom/cjs/react-dom-server.browser.production.min.js:78:98)
    at bd (/workspaces/NotionNext/node_modules/react-dom/cjs/react-dom-server.browser.production.min.js:77:404)
    at Z (/workspaces/NotionNext/node_modules/react-dom/cjs/react-dom-server.browser.production.min.js:76:217)
    at $c (/workspaces/NotionNext/node_modules/react-dom/cjs/react-dom-server.browser.production.min.js:78:98)
    at Zc (/workspaces/NotionNext/node_modules/react-dom/cjs/react-dom-server.browser.production.min.js:71:145)
    at Z (/workspaces/NotionNext/node_modules/react-dom/cjs/react-dom-server.browser.production.min.js:76:89)

Error occurred prerendering page "/en/tag". Read more: https://nextjs.org/docs/messages/prerender-error

ReferenceError: CONFIG is not defined
    at x (/workspaces/NotionNext/.next/server/chunks/35120.js:1:540)
    at Wc (/workspaces/NotionNext/node_modules/react-dom/cjs/react-dom-server.browser.production.min.js:68:44)
    at Zc (/workspaces/NotionNext/node_modules/react-dom/cjs/react-dom-server.browser.production.min.js:70:253)
    at Z (/workspaces/NotionNext/node_modules/react-dom/cjs/react-dom-server.browser.production.min.js:76:89)
    at $c (/workspaces/NotionNext/node_modules/react-dom/cjs/react-dom-server.browser.production.min.js:78:98)
    at bd (/workspaces/NotionNext/node_modules/react-dom/cjs/react-dom-server.browser.production.min.js:77:404)
    at Z (/workspaces/NotionNext/node_modules/react-dom/cjs/react-dom-server.browser.production.min.js:76:217)
    at $c (/workspaces/NotionNext/node_modules/react-dom/cjs/react-dom-server.browser.production.min.js:78:98)
    at Zc (/workspaces/NotionNext/node_modules/react-dom/cjs/react-dom-server.browser.production.min.js:71:145)
    at Z (/workspaces/NotionNext/node_modules/react-dom/cjs/react-dom-server.browser.production.min.js:76:89)
ReferenceError: CONFIG is not defined
    at x (/workspaces/NotionNext/.next/server/chunks/35120.js:1:540)
    at Wc (/workspaces/NotionNext/node_modules/react-dom/cjs/react-dom-server.browser.production.min.js:68:44)
    at Zc (/workspaces/NotionNext/node_modules/react-dom/cjs/react-dom-server.browser.production.min.js:70:253)
    at Z (/workspaces/NotionNext/node_modules/react-dom/cjs/react-dom-server.browser.production.min.js:76:89)
    at $c (/workspaces/NotionNext/node_modules/react-dom/cjs/react-dom-server.browser.production.min.js:78:98)
    at bd (/workspaces/NotionNext/node_modules/react-dom/cjs/react-dom-server.browser.production.min.js:77:404)
    at Z (/workspaces/NotionNext/node_modules/react-dom/cjs/react-dom-server.browser.production.min.js:76:217)
    at $c (/workspaces/NotionNext/node_modules/react-dom/cjs/react-dom-server.browser.production.min.js:78:98)
    at Zc (/workspaces/NotionNext/node_modules/react-dom/cjs/react-dom-server.browser.production.min.js:71:145)
    at Z (/workspaces/NotionNext/node_modules/react-dom/cjs/react-dom-server.browser.production.min.js:76:89)

Error occurred prerendering page "/en/tag/[tag]/page/[page]". Read more: https://nextjs.org/docs/messages/prerender-error

ReferenceError: CONFIG is not defined
    at x (/workspaces/NotionNext/.next/server/chunks/35120.js:1:540)
    at Wc (/workspaces/NotionNext/node_modules/react-dom/cjs/react-dom-server.browser.production.min.js:68:44)
    at Zc (/workspaces/NotionNext/node_modules/react-dom/cjs/react-dom-server.browser.production.min.js:70:253)
    at Z (/workspaces/NotionNext/node_modules/react-dom/cjs/react-dom-server.browser.production.min.js:76:89)
    at $c (/workspaces/NotionNext/node_modules/react-dom/cjs/react-dom-server.browser.production.min.js:78:98)
    at bd (/workspaces/NotionNext/node_modules/react-dom/cjs/react-dom-server.browser.production.min.js:77:404)
    at Z (/workspaces/NotionNext/node_modules/react-dom/cjs/react-dom-server.browser.production.min.js:76:217)
    at $c (/workspaces/NotionNext/node_modules/react-dom/cjs/react-dom-server.browser.production.min.js:78:98)
    at Zc (/workspaces/NotionNext/node_modules/react-dom/cjs/react-dom-server.browser.production.min.js:71:145)
    at Z (/workspaces/NotionNext/node_modules/react-dom/cjs/react-dom-server.browser.production.min.js:76:89)
 ✓ Generating static pages (63/63)

> Export encountered errors on following paths:
	/404: /en/404
	/500: /en/500
	/500: /zh-CN/500
	/: /en
	/archive: /en/archive
	/category/[category]/page/[page]: /en/category/[category]/page/[page]
	/category/[category]/page/[page]: /zh-CN/category/[category]/page/[page]
	/category/[category]: /en/category/[category]
	/category/[category]: /zh-CN/category/[category]
	/category: /en/category
	/go: /en/go
	/page/[page]: /en/page/[page]
	/page/[page]: /zh-CN/page/[page]
	/search/[keyword]/page/[page]: /en/search/[keyword]/page/[page]
	/search/[keyword]/page/[page]: /zh-CN/search/[keyword]/page/[page]
	/search/[keyword]: /en/search/[keyword]
	/search/[keyword]: /zh-CN/search/[keyword]
	/search: /en/search
	/tag/[tag]/page/[page]: /en/tag/[tag]/page/[page]
	/tag/[tag]/page/[page]: /zh-CN/tag/[tag]/page/[page]
	/tag/[tag]: /en/tag/[tag]
	/tag/[tag]: /zh-CN/tag/[tag]
	/tag: /en/tag
error Command failed with exit code 1.
info Visit https://yarnpkg.com/en/docs/cli/run for documentation about this command.
